Watching for file changes with StatReloader
Watching for file changes with StatReloader
C:\Users\sahil_qx\OneDrive\Desktop\SkillRadar\backend\recommendations\admin.py changed, reloading.
Watching for file changes with StatReloader
C:\Users\sahil_qx\OneDrive\Desktop\SkillRadar\backend\recommendations\admin.py changed, reloading.
Watching for file changes with StatReloader
C:\Users\sahil_qx\OneDrive\Desktop\SkillRadar\backend\recommendations\admin.py changed, reloading.
Watching for file changes with StatReloader
C:\Users\sahil_qx\OneDrive\Desktop\SkillRadar\backend\recommendations\admin.py changed, reloading.
Watching for file changes with StatReloader
Watching for file changes with StatReloader
C:\Users\sahil_qx\OneDrive\Desktop\SkillRadar\backend\recommendations\admin.py changed, reloading.
Watching for file changes with StatReloader
Watching for file changes with StatReloader
C:\Users\sahil_qx\OneDrive\Desktop\SkillRadar\backend\recommendations\models.py changed, reloading.
Watching for file changes with StatReloader
Watching for file changes with StatReloader
C:\Users\sahil_qx\OneDrive\Desktop\SkillRadar\backend\recommendations\models.py changed, reloading.
Watching for file changes with StatReloader
C:\Users\sahil_qx\OneDrive\Desktop\SkillRadar\backend\recommendations\models.py changed, reloading.
Watching for file changes with StatReloader
Watching for file changes with StatReloader
C:\Users\sahil_qx\OneDrive\Desktop\SkillRadar\backend\resume_converter\settings.py changed, reloading.
Watching for file changes with StatReloader
C:\Users\sahil_qx\OneDrive\Desktop\SkillRadar\backend\resume_converter\settings.py changed, reloading.
Watching for file changes with StatReloader
C:\Users\sahil_qx\OneDrive\Desktop\SkillRadar\backend\resume_converter\settings.py changed, reloading.
Watching for file changes with StatReloader
Watching for file changes with StatReloader
Watching for file changes with StatReloader
Watching for file changes with StatReloader
Watching for file changes with StatReloader
Watching for file changes with StatReloader
C:\Users\sahil_qx\OneDrive\Desktop\SkillRadar\backend\recommendations\views.py changed, reloading.
Watching for file changes with StatReloader
C:\Users\sahil_qx\OneDrive\Desktop\SkillRadar\backend\recommendations\views.py changed, reloading.
Watching for file changes with StatReloader
C:\Users\sahil_qx\OneDrive\Desktop\SkillRadar\backend\recommendations\views.py changed, reloading.
Watching for file changes with StatReloader
C:\Users\sahil_qx\OneDrive\Desktop\SkillRadar\backend\recommendations\views.py changed, reloading.
Watching for file changes with StatReloader
C:\Users\sahil_qx\OneDrive\Desktop\SkillRadar\backend\recommendations\views.py changed, reloading.
Watching for file changes with StatReloader
C:\Users\sahil_qx\OneDrive\Desktop\SkillRadar\backend\recommendations\views.py changed, reloading.
Watching for file changes with StatReloader
Watching for file changes with StatReloader
C:\Users\sahil_qx\OneDrive\Desktop\SkillRadar\backend\recommendations\serializers.py changed, reloading.
Watching for file changes with StatReloader
C:\Users\sahil_qx\OneDrive\Desktop\SkillRadar\backend\recommendations\serializers.py changed, reloading.
Watching for file changes with StatReloader
C:\Users\sahil_qx\OneDrive\Desktop\SkillRadar\backend\recommendations\serializers.py changed, reloading.
Watching for file changes with StatReloader
Watching for file changes with StatReloader
C:\Users\sahil_qx\OneDrive\Desktop\SkillRadar\backend\recommendations\tasks.py changed, reloading.
Watching for file changes with StatReloader
C:\Users\sahil_qx\OneDrive\Desktop\SkillRadar\backend\recommendations\tasks.py changed, reloading.
Watching for file changes with StatReloader
C:\Users\sahil_qx\OneDrive\Desktop\SkillRadar\backend\recommendations\tasks.py changed, reloading.
Watching for file changes with StatReloader
Watching for file changes with StatReloader
C:\Users\sahil_qx\OneDrive\Desktop\SkillRadar\backend\recommendations\admin.py changed, reloading.
Watching for file changes with StatReloader
Watching for file changes with StatReloader
C:\Users\sahil_qx\OneDrive\Desktop\SkillRadar\backend\recommendations\admin.py changed, reloading.
Watching for file changes with StatReloader
C:\Users\sahil_qx\OneDrive\Desktop\SkillRadar\backend\recommendations\admin.py changed, reloading.
Watching for file changes with StatReloader
C:\Users\sahil_qx\OneDrive\Desktop\SkillRadar\backend\recommendations\admin.py changed, reloading.
Watching for file changes with StatReloader
C:\Users\sahil_qx\OneDrive\Desktop\SkillRadar\backend\recommendations\admin.py changed, reloading.
Watching for file changes with StatReloader
Watching for file changes with StatReloader
C:\Users\sahil_qx\OneDrive\Desktop\SkillRadar\backend\recommendations\admin.py changed, reloading.
Watching for file changes with StatReloader
C:\Users\sahil_qx\OneDrive\Desktop\SkillRadar\backend\recommendations\admin.py changed, reloading.
Watching for file changes with StatReloader
C:\Users\sahil_qx\OneDrive\Desktop\SkillRadar\backend\recommendations\admin.py changed, reloading.
Watching for file changes with StatReloader
C:\Users\sahil_qx\OneDrive\Desktop\SkillRadar\backend\recommendations\admin.py changed, reloading.
Watching for file changes with StatReloader
C:\Users\sahil_qx\OneDrive\Desktop\SkillRadar\backend\recommendations\admin.py changed, reloading.
Watching for file changes with StatReloader
C:\Users\sahil_qx\OneDrive\Desktop\SkillRadar\backend\recommendations\models.py changed, reloading.
Watching for file changes with StatReloader
C:\Users\sahil_qx\OneDrive\Desktop\SkillRadar\backend\resume_converter\settings.py changed, reloading.
Watching for file changes with StatReloader
Not Found: /
"GET / HTTP/1.1" 404 3443
Not Found: /favicon.ico
"GET /favicon.ico HTTP/1.1" 404 3494
C:\Users\sahil_qx\OneDrive\Desktop\SkillRadar\backend\resume_converter\settings.py changed, reloading.
Watching for file changes with StatReloader
C:\Users\sahil_qx\OneDrive\Desktop\SkillRadar\backend\resume_converter\settings.py changed, reloading.
Watching for file changes with StatReloader
Watching for file changes with StatReloader
C:\Users\sahil_qx\OneDrive\Desktop\SkillRadar\backend\resume_converter\settings.py changed, reloading.
Watching for file changes with StatReloader
C:\Users\sahil_qx\OneDrive\Desktop\SkillRadar\backend\resume_converter\settings.py changed, reloading.
Watching for file changes with StatReloader
Watching for file changes with StatReloader
Watching for file changes with StatReloader
Not Found: /
"GET / HTTP/1.1" 404 3443
Not Found: /favicon.ico
"GET /favicon.ico HTTP/1.1" 404 3494
Not Found: /api/auth/
"GET /api/auth/ HTTP/1.1" 404 5266
Method Not Allowed: /api/auth/register/
"GET /api/auth/register/ HTTP/1.1" 405 40
C:\Users\sahil_qx\AppData\Roaming\Python\Python312\site-packages\rich\syntax.py changed, reloading.
Watching for file changes with StatReloader
Not Found: /api/v1/auth/register/
"POST /api/v1/auth/register/ HTTP/1.1" 404 3525
Internal Server Error: /api/auth/register/
Traceback (most recent call last):
  File "C:\Users\sahil_qx\AppData\Roaming\Python\Python312\site-packages\django\core\handlers\exception.py", line 55, in inner
    response = get_response(request)
               ^^^^^^^^^^^^^^^^^^^^^
  File "C:\Users\sahil_qx\AppData\Roaming\Python\Python312\site-packages\django\core\handlers\base.py", line 197, in _get_response
    response = wrapped_callback(request, *callback_args, **callback_kwargs)
               ^^^^^^^^^^^^^^^^^^^^^^^^^^^^^^^^^^^^^^^^^^^^^^^^^^^^^^^^^^^^
  File "C:\Users\sahil_qx\AppData\Roaming\Python\Python312\site-packages\django\views\decorators\csrf.py", line 65, in _view_wrapper
    return view_func(request, *args, **kwargs)
           ^^^^^^^^^^^^^^^^^^^^^^^^^^^^^^^^^^^
  File "C:\Users\sahil_qx\AppData\Roaming\Python\Python312\site-packages\django\views\generic\base.py", line 105, in view
    return self.dispatch(request, *args, **kwargs)
           ^^^^^^^^^^^^^^^^^^^^^^^^^^^^^^^^^^^^^^^
  File "C:\Users\sahil_qx\AppData\Roaming\Python\Python312\site-packages\rest_framework\views.py", line 509, in dispatch
    response = self.handle_exception(exc)
               ^^^^^^^^^^^^^^^^^^^^^^^^^^
  File "C:\Users\sahil_qx\AppData\Roaming\Python\Python312\site-packages\rest_framework\views.py", line 469, in handle_exception
    self.raise_uncaught_exception(exc)
  File "C:\Users\sahil_qx\AppData\Roaming\Python\Python312\site-packages\rest_framework\views.py", line 480, in raise_uncaught_exception
    raise exc
  File "C:\Users\sahil_qx\AppData\Roaming\Python\Python312\site-packages\rest_framework\views.py", line 506, in dispatch
    response = handler(request, *args, **kwargs)
               ^^^^^^^^^^^^^^^^^^^^^^^^^^^^^^^^^
  File "C:\Users\sahil_qx\AppData\Roaming\Python\Python312\site-packages\rest_framework\generics.py", line 190, in post
    return self.create(request, *args, **kwargs)
           ^^^^^^^^^^^^^^^^^^^^^^^^^^^^^^^^^^^^^
  File "C:\Users\sahil_qx\OneDrive\Desktop\SkillRadar\backend\accounts\views.py", line 28, in create
    serializer.is_valid(raise_exception=True)
  File "C:\Users\sahil_qx\AppData\Roaming\Python\Python312\site-packages\rest_framework\serializers.py", line 227, in is_valid
    self._validated_data = self.run_validation(self.initial_data)
                           ^^^^^^^^^^^^^^^^^^^^^^^^^^^^^^^^^^^^^^
  File "C:\Users\sahil_qx\AppData\Roaming\Python\Python312\site-packages\rest_framework\serializers.py", line 426, in run_validation
    value = self.to_internal_value(data)
            ^^^^^^^^^^^^^^^^^^^^^^^^^^^^
  File "C:\Users\sahil_qx\AppData\Roaming\Python\Python312\site-packages\rest_framework\serializers.py", line 483, in to_internal_value
    validated_value = field.run_validation(primitive_value)
                      ^^^^^^^^^^^^^^^^^^^^^^^^^^^^^^^^^^^^^
  File "C:\Users\sahil_qx\AppData\Roaming\Python\Python312\site-packages\rest_framework\fields.py", line 751, in run_validation
    return super().run_validation(data)
           ^^^^^^^^^^^^^^^^^^^^^^^^^^^^
  File "C:\Users\sahil_qx\AppData\Roaming\Python\Python312\site-packages\rest_framework\fields.py", line 548, in run_validation
    self.run_validators(value)
  File "C:\Users\sahil_qx\AppData\Roaming\Python\Python312\site-packages\rest_framework\fields.py", line 560, in run_validators
    validator(value, self)
  File "C:\Users\sahil_qx\AppData\Roaming\Python\Python312\site-packages\rest_framework\validators.py", line 73, in __call__
    if qs_exists(queryset):
       ^^^^^^^^^^^^^^^^^^^
  File "C:\Users\sahil_qx\AppData\Roaming\Python\Python312\site-packages\rest_framework\validators.py", line 21, in qs_exists
    return queryset.exists()
           ^^^^^^^^^^^^^^^^^
  File "C:\Users\sahil_qx\AppData\Roaming\Python\Python312\site-packages\django\db\models\query.py", line 1296, in exists
    return self.query.has_results(using=self.db)
           ^^^^^^^^^^^^^^^^^^^^^^^^^^^^^^^^^^^^^
  File "C:\Users\sahil_qx\AppData\Roaming\Python\Python312\site-packages\django\db\models\sql\query.py", line 674, in has_results
    return compiler.has_results()
           ^^^^^^^^^^^^^^^^^^^^^^
  File "C:\Users\sahil_qx\AppData\Roaming\Python\Python312\site-packages\django\db\models\sql\compiler.py", line 1591, in has_results
    return bool(self.execute_sql(SINGLE))
                ^^^^^^^^^^^^^^^^^^^^^^^^
  File "C:\Users\sahil_qx\AppData\Roaming\Python\Python312\site-packages\django\db\models\sql\compiler.py", line 1610, in execute_sql
    sql, params = self.as_sql()
                  ^^^^^^^^^^^^^
  File "C:\Users\sahil_qx\AppData\Roaming\Python\Python312\site-packages\django\db\models\sql\compiler.py", line 791, in as_sql
    from_, f_params = self.get_from_clause()
                      ^^^^^^^^^^^^^^^^^^^^^^
  File "C:\Users\sahil_qx\AppData\Roaming\Python\Python312\site-packages\django\db\models\sql\compiler.py", line 1158, in get_from_clause
    clause_sql, clause_params = self.compile(from_clause)
                                ^^^^^^^^^^^^^^^^^^^^^^^^^
  File "C:\Users\sahil_qx\AppData\Roaming\Python\Python312\site-packages\django\db\models\sql\compiler.py", line 577, in compile
    sql, params = node.as_sql(self, self.connection)
                  ^^^^^^^^^^^^^^^^^^^^^^^^^^^^^^^^^^
  File "C:\Users\sahil_qx\AppData\Roaming\Python\Python312\site-packages\django\db\models\sql\datastructures.py", line 220, in as_sql
    base_sql = compiler.quote_name_unless_alias(self.table_name)
               ^^^^^^^^^^^^^^^^^^^^^^^^^^^^^^^^^^^^^^^^^^^^^^^^^
  File "C:\Users\sahil_qx\AppData\Roaming\Python\Python312\site-packages\django\db\models\sql\compiler.py", line 568, in quote_name_unless_alias
    r = self.connection.ops.quote_name(name)
        ^^^^^^^^^^^^^^^^^^^^^^^^^^^^^^^^^^^^
  File "C:\Users\sahil_qx\AppData\Roaming\Python\Python312\site-packages\django\db\backends\dummy\base.py", line 20, in complain
    raise ImproperlyConfigured(
django.core.exceptions.ImproperlyConfigured: settings.DATABASES is improperly configured. Please supply the ENGINE value. Check settings documentation for more details.
"POST /api/auth/register/ HTTP/1.1" 500 186366
C:\Users\sahil_qx\OneDrive\Desktop\SkillRadar\backend\accounts\serializers.py changed, reloading.
Watching for file changes with StatReloader
C:\Users\sahil_qx\OneDrive\Desktop\SkillRadar\backend\accounts\serializers.py changed, reloading.
Watching for file changes with StatReloader
C:\Users\sahil_qx\OneDrive\Desktop\SkillRadar\backend\accounts\serializers.py changed, reloading.
Watching for file changes with StatReloader
Watching for file changes with StatReloader
Internal Server Error: /api/auth/register/
Traceback (most recent call last):
  File "C:\Users\sahil_qx\AppData\Roaming\Python\Python312\site-packages\django\core\handlers\exception.py", line 55, in inner
    response = get_response(request)
               ^^^^^^^^^^^^^^^^^^^^^
  File "C:\Users\sahil_qx\AppData\Roaming\Python\Python312\site-packages\django\core\handlers\base.py", line 197, in _get_response
    response = wrapped_callback(request, *callback_args, **callback_kwargs)
               ^^^^^^^^^^^^^^^^^^^^^^^^^^^^^^^^^^^^^^^^^^^^^^^^^^^^^^^^^^^^
  File "C:\Users\sahil_qx\AppData\Roaming\Python\Python312\site-packages\django\views\decorators\csrf.py", line 65, in _view_wrapper
    return view_func(request, *args, **kwargs)
           ^^^^^^^^^^^^^^^^^^^^^^^^^^^^^^^^^^^
  File "C:\Users\sahil_qx\AppData\Roaming\Python\Python312\site-packages\django\views\generic\base.py", line 105, in view
    return self.dispatch(request, *args, **kwargs)
           ^^^^^^^^^^^^^^^^^^^^^^^^^^^^^^^^^^^^^^^
  File "C:\Users\sahil_qx\AppData\Roaming\Python\Python312\site-packages\rest_framework\views.py", line 509, in dispatch
    response = self.handle_exception(exc)
               ^^^^^^^^^^^^^^^^^^^^^^^^^^
  File "C:\Users\sahil_qx\AppData\Roaming\Python\Python312\site-packages\rest_framework\views.py", line 469, in handle_exception
    self.raise_uncaught_exception(exc)
  File "C:\Users\sahil_qx\AppData\Roaming\Python\Python312\site-packages\rest_framework\views.py", line 480, in raise_uncaught_exception
    raise exc
  File "C:\Users\sahil_qx\AppData\Roaming\Python\Python312\site-packages\rest_framework\views.py", line 506, in dispatch
    response = handler(request, *args, **kwargs)
               ^^^^^^^^^^^^^^^^^^^^^^^^^^^^^^^^^
  File "C:\Users\sahil_qx\AppData\Roaming\Python\Python312\site-packages\rest_framework\generics.py", line 190, in post
    return self.create(request, *args, **kwargs)
           ^^^^^^^^^^^^^^^^^^^^^^^^^^^^^^^^^^^^^
  File "C:\Users\sahil_qx\OneDrive\Desktop\SkillRadar\backend\accounts\views.py", line 28, in create
    serializer.is_valid(raise_exception=True)
  File "C:\Users\sahil_qx\AppData\Roaming\Python\Python312\site-packages\rest_framework\serializers.py", line 227, in is_valid
    self._validated_data = self.run_validation(self.initial_data)
                           ^^^^^^^^^^^^^^^^^^^^^^^^^^^^^^^^^^^^^^
  File "C:\Users\sahil_qx\AppData\Roaming\Python\Python312\site-packages\rest_framework\serializers.py", line 426, in run_validation
    value = self.to_internal_value(data)
            ^^^^^^^^^^^^^^^^^^^^^^^^^^^^
  File "C:\Users\sahil_qx\AppData\Roaming\Python\Python312\site-packages\rest_framework\serializers.py", line 483, in to_internal_value
    validated_value = field.run_validation(primitive_value)
                      ^^^^^^^^^^^^^^^^^^^^^^^^^^^^^^^^^^^^^
  File "C:\Users\sahil_qx\AppData\Roaming\Python\Python312\site-packages\rest_framework\fields.py", line 751, in run_validation
    return super().run_validation(data)
           ^^^^^^^^^^^^^^^^^^^^^^^^^^^^
  File "C:\Users\sahil_qx\AppData\Roaming\Python\Python312\site-packages\rest_framework\fields.py", line 548, in run_validation
    self.run_validators(value)
  File "C:\Users\sahil_qx\AppData\Roaming\Python\Python312\site-packages\rest_framework\fields.py", line 560, in run_validators
    validator(value, self)
  File "C:\Users\sahil_qx\AppData\Roaming\Python\Python312\site-packages\rest_framework\validators.py", line 73, in __call__
    if qs_exists(queryset):
       ^^^^^^^^^^^^^^^^^^^
  File "C:\Users\sahil_qx\AppData\Roaming\Python\Python312\site-packages\rest_framework\validators.py", line 21, in qs_exists
    return queryset.exists()
           ^^^^^^^^^^^^^^^^^
  File "C:\Users\sahil_qx\AppData\Roaming\Python\Python312\site-packages\django\db\models\query.py", line 1296, in exists
    return self.query.has_results(using=self.db)
           ^^^^^^^^^^^^^^^^^^^^^^^^^^^^^^^^^^^^^
  File "C:\Users\sahil_qx\AppData\Roaming\Python\Python312\site-packages\django\db\models\sql\query.py", line 674, in has_results
    return compiler.has_results()
           ^^^^^^^^^^^^^^^^^^^^^^
  File "C:\Users\sahil_qx\AppData\Roaming\Python\Python312\site-packages\django\db\models\sql\compiler.py", line 1591, in has_results
    return bool(self.execute_sql(SINGLE))
                ^^^^^^^^^^^^^^^^^^^^^^^^
  File "C:\Users\sahil_qx\AppData\Roaming\Python\Python312\site-packages\django\db\models\sql\compiler.py", line 1610, in execute_sql
    sql, params = self.as_sql()
                  ^^^^^^^^^^^^^
  File "C:\Users\sahil_qx\AppData\Roaming\Python\Python312\site-packages\django\db\models\sql\compiler.py", line 791, in as_sql
    from_, f_params = self.get_from_clause()
                      ^^^^^^^^^^^^^^^^^^^^^^
  File "C:\Users\sahil_qx\AppData\Roaming\Python\Python312\site-packages\django\db\models\sql\compiler.py", line 1158, in get_from_clause
    clause_sql, clause_params = self.compile(from_clause)
                                ^^^^^^^^^^^^^^^^^^^^^^^^^
  File "C:\Users\sahil_qx\AppData\Roaming\Python\Python312\site-packages\django\db\models\sql\compiler.py", line 577, in compile
    sql, params = node.as_sql(self, self.connection)
                  ^^^^^^^^^^^^^^^^^^^^^^^^^^^^^^^^^^
  File "C:\Users\sahil_qx\AppData\Roaming\Python\Python312\site-packages\django\db\models\sql\datastructures.py", line 220, in as_sql
    base_sql = compiler.quote_name_unless_alias(self.table_name)
               ^^^^^^^^^^^^^^^^^^^^^^^^^^^^^^^^^^^^^^^^^^^^^^^^^
  File "C:\Users\sahil_qx\AppData\Roaming\Python\Python312\site-packages\django\db\models\sql\compiler.py", line 568, in quote_name_unless_alias
    r = self.connection.ops.quote_name(name)
        ^^^^^^^^^^^^^^^^^^^^^^^^^^^^^^^^^^^^
  File "C:\Users\sahil_qx\AppData\Roaming\Python\Python312\site-packages\django\db\backends\dummy\base.py", line 20, in complain
    raise ImproperlyConfigured(
django.core.exceptions.ImproperlyConfigured: settings.DATABASES is improperly configured. Please supply the ENGINE value. Check settings documentation for more details.
"POST /api/auth/register/ HTTP/1.1" 500 186741
C:\Users\sahil_qx\OneDrive\Desktop\SkillRadar\backend\resume_converter\settings.py changed, reloading.
Watching for file changes with StatReloader
"POST /api/auth/register/ HTTP/1.1" 201 588
"GET /api/auth/verify-email/Mg/cv731q-fb7c957ae650ddaefc1a5f61b37de31c/ HTTP/1.1" 200 62
Not Found: /favicon.ico
"GET /favicon.ico HTTP/1.1" 404 3494
Bad Request: /api/auth/login/
"POST /api/auth/login/ HTTP/1.1" 400 44
"POST /api/auth/login/ HTTP/1.1" 200 1006
C:\Users\sahil_qx\OneDrive\Desktop\SkillRadar\backend\accounts\views.py changed, reloading.
Watching for file changes with StatReloader
C:\Users\sahil_qx\OneDrive\Desktop\SkillRadar\backend\accounts\views.py changed, reloading.
Watching for file changes with StatReloader
C:\Users\sahil_qx\OneDrive\Desktop\SkillRadar\backend\accounts\views.py changed, reloading.
Watching for file changes with StatReloader
C:\Users\sahil_qx\OneDrive\Desktop\SkillRadar\backend\accounts\urls.py changed, reloading.
Watching for file changes with StatReloader
C:\Users\sahil_qx\OneDrive\Desktop\SkillRadar\backend\accounts\urls.py changed, reloading.
Watching for file changes with StatReloader
C:\Users\sahil_qx\OneDrive\Desktop\SkillRadar\backend\accounts\urls.py changed, reloading.
Watching for file changes with StatReloader
Unauthorized: /api/auth/password-reset/
"POST /api/auth/password-reset/ HTTP/1.1" 401 58
C:\Users\sahil_qx\OneDrive\Desktop\SkillRadar\backend\accounts\views.py changed, reloading.
Watching for file changes with StatReloader
C:\Users\sahil_qx\OneDrive\Desktop\SkillRadar\backend\accounts\views.py changed, reloading.
Watching for file changes with StatReloader
Internal Server Error: /api/auth/password-reset/
Traceback (most recent call last):
  File "C:\Users\sahil_qx\AppData\Roaming\Python\Python312\site-packages\django\core\handlers\exception.py", line 55, in inner
    response = get_response(request)
               ^^^^^^^^^^^^^^^^^^^^^
  File "C:\Users\sahil_qx\AppData\Roaming\Python\Python312\site-packages\django\core\handlers\base.py", line 197, in _get_response
    response = wrapped_callback(request, *callback_args, **callback_kwargs)
               ^^^^^^^^^^^^^^^^^^^^^^^^^^^^^^^^^^^^^^^^^^^^^^^^^^^^^^^^^^^^
  File "C:\Users\sahil_qx\AppData\Roaming\Python\Python312\site-packages\django\views\decorators\csrf.py", line 65, in _view_wrapper
    return view_func(request, *args, **kwargs)
           ^^^^^^^^^^^^^^^^^^^^^^^^^^^^^^^^^^^
  File "C:\Users\sahil_qx\AppData\Roaming\Python\Python312\site-packages\django\views\generic\base.py", line 105, in view
    return self.dispatch(request, *args, **kwargs)
           ^^^^^^^^^^^^^^^^^^^^^^^^^^^^^^^^^^^^^^^
  File "C:\Users\sahil_qx\AppData\Roaming\Python\Python312\site-packages\rest_framework\views.py", line 509, in dispatch
    response = self.handle_exception(exc)
               ^^^^^^^^^^^^^^^^^^^^^^^^^^
  File "C:\Users\sahil_qx\AppData\Roaming\Python\Python312\site-packages\rest_framework\views.py", line 469, in handle_exception
    self.raise_uncaught_exception(exc)
  File "C:\Users\sahil_qx\AppData\Roaming\Python\Python312\site-packages\rest_framework\views.py", line 480, in raise_uncaught_exception
    raise exc
  File "C:\Users\sahil_qx\AppData\Roaming\Python\Python312\site-packages\rest_framework\views.py", line 506, in dispatch
    response = handler(request, *args, **kwargs)
               ^^^^^^^^^^^^^^^^^^^^^^^^^^^^^^^^^
  File "C:\Users\sahil_qx\OneDrive\Desktop\SkillRadar\backend\accounts\views.py", line 47, in post
    reset_link = f"{settings.FRONTEND_URL}/reset-password/{uid}/{token}/"
                    ^^^^^^^^^^^^^^^^^^^^^
  File "C:\Users\sahil_qx\AppData\Roaming\Python\Python312\site-packages\django\conf\__init__.py", line 83, in __getattr__
    val = getattr(_wrapped, name)
          ^^^^^^^^^^^^^^^^^^^^^^^
AttributeError: 'Settings' object has no attribute 'FRONTEND_URL'. Did you mean: 'FRONTEND_BASE_URL'?
"POST /api/auth/password-reset/ HTTP/1.1" 500 106672
Watching for file changes with StatReloader
C:\Users\sahil_qx\OneDrive\Desktop\SkillRadar\backend\accounts\views.py changed, reloading.
Watching for file changes with StatReloader
"POST /api/auth/password-reset/ HTTP/1.1" 200 74
Not Found: /reset-password/Mg/cv7468-36d41c6b908f338a25ef425edc14b162/
"GET /reset-password/Mg/cv7468-36d41c6b908f338a25ef425edc14b162/ HTTP/1.1" 404 3635
Not Found: /api/auth/password-reset-confirm/
"POST /api/auth/password-reset-confirm/ HTTP/1.1" 404 5941
Unauthorized: /api/auth/password-reset-confirm/Mg/cv7468-36d41c6b908f338a25ef425edc14b162/
"POST /api/auth/password-reset-confirm/Mg/cv7468-36d41c6b908f338a25ef425edc14b162/ HTTP/1.1" 401 58
C:\Users\sahil_qx\OneDrive\Desktop\SkillRadar\backend\accounts\views.py changed, reloading.
Watching for file changes with StatReloader
Bad Request: /api/auth/password-reset-confirm/Mg/cv7468-36d41c6b908f338a25ef425edc14b162/
"POST /api/auth/password-reset-confirm/Mg/cv7468-36d41c6b908f338a25ef425edc14b162/ HTTP/1.1" 400 29
C:\Users\sahil_qx\OneDrive\Desktop\SkillRadar\backend\accounts\views.py changed, reloading.
Watching for file changes with StatReloader
"POST /api/auth/password-reset-confirm/Mg/cv7468-36d41c6b908f338a25ef425edc14b162/ HTTP/1.1" 200 40
C:\Users\sahil_qx\OneDrive\Desktop\SkillRadar\backend\resume_converter\settings.py changed, reloading.
Watching for file changes with StatReloader
Bad Request: /api/auth/register/
"POST /api/auth/register/ HTTP/1.1" 400 40
"POST /api/auth/register/ HTTP/1.1" 201 601
"GET /api/auth/verify-email/Mw/cv75u7-34eba3d8cf238173f8817d163d7de93f/ HTTP/1.1" 200 62
C:\Users\sahil_qx\OneDrive\Desktop\SkillRadar\backend\accounts\serializers.py changed, reloading.
Watching for file changes with StatReloader
C:\Users\sahil_qx\OneDrive\Desktop\SkillRadar\backend\accounts\models.py changed, reloading.
Watching for file changes with StatReloader
C:\Users\sahil_qx\OneDrive\Desktop\SkillRadar\backend\accounts\models.py changed, reloading.
Watching for file changes with StatReloader
C:\Users\sahil_qx\OneDrive\Desktop\SkillRadar\backend\accounts\serializers.py changed, reloading.
Watching for file changes with StatReloader
Watching for file changes with StatReloader
Internal Server Error: /api/auth/register/
Traceback (most recent call last):
  File "C:\Users\sahil_qx\AppData\Roaming\Python\Python312\site-packages\django\core\handlers\exception.py", line 55, in inner
    response = get_response(request)
               ^^^^^^^^^^^^^^^^^^^^^
  File "C:\Users\sahil_qx\AppData\Roaming\Python\Python312\site-packages\django\core\handlers\base.py", line 197, in _get_response
    response = wrapped_callback(request, *callback_args, **callback_kwargs)
               ^^^^^^^^^^^^^^^^^^^^^^^^^^^^^^^^^^^^^^^^^^^^^^^^^^^^^^^^^^^^
  File "C:\Users\sahil_qx\AppData\Roaming\Python\Python312\site-packages\django\views\decorators\csrf.py", line 65, in _view_wrapper
    return view_func(request, *args, **kwargs)
           ^^^^^^^^^^^^^^^^^^^^^^^^^^^^^^^^^^^
  File "C:\Users\sahil_qx\AppData\Roaming\Python\Python312\site-packages\django\views\generic\base.py", line 105, in view
    return self.dispatch(request, *args, **kwargs)
           ^^^^^^^^^^^^^^^^^^^^^^^^^^^^^^^^^^^^^^^
  File "C:\Users\sahil_qx\AppData\Roaming\Python\Python312\site-packages\rest_framework\views.py", line 509, in dispatch
    response = self.handle_exception(exc)
               ^^^^^^^^^^^^^^^^^^^^^^^^^^
  File "C:\Users\sahil_qx\AppData\Roaming\Python\Python312\site-packages\rest_framework\views.py", line 469, in handle_exception
    self.raise_uncaught_exception(exc)
  File "C:\Users\sahil_qx\AppData\Roaming\Python\Python312\site-packages\rest_framework\views.py", line 480, in raise_uncaught_exception
    raise exc
  File "C:\Users\sahil_qx\AppData\Roaming\Python\Python312\site-packages\rest_framework\views.py", line 506, in dispatch
    response = handler(request, *args, **kwargs)
               ^^^^^^^^^^^^^^^^^^^^^^^^^^^^^^^^^
  File "C:\Users\sahil_qx\AppData\Roaming\Python\Python312\site-packages\rest_framework\generics.py", line 190, in post
    return self.create(request, *args, **kwargs)
           ^^^^^^^^^^^^^^^^^^^^^^^^^^^^^^^^^^^^^
  File "C:\Users\sahil_qx\OneDrive\Desktop\SkillRadar\backend\accounts\views.py", line 97, in create
    user = serializer.save()
           ^^^^^^^^^^^^^^^^^
  File "C:\Users\sahil_qx\AppData\Roaming\Python\Python312\site-packages\rest_framework\serializers.py", line 212, in save
    self.instance = self.create(validated_data)
                    ^^^^^^^^^^^^^^^^^^^^^^^^^^^
  File "C:\Users\sahil_qx\OneDrive\Desktop\SkillRadar\backend\accounts\serializers.py", line 27, in create
    user = User.objects.create_user(**validated_data)
           ^^^^^^^^^^^^^^^^^^^^^^^^^^^^^^^^^^^^^^^^^^
TypeError: UserManager.create_user() missing 1 required positional argument: 'username'
"POST /api/auth/register/ HTTP/1.1" 500 116716
C:\Users\sahil_qx\OneDrive\Desktop\SkillRadar\backend\accounts\models.py changed, reloading.
Watching for file changes with StatReloader
C:\Users\sahil_qx\OneDrive\Desktop\SkillRadar\backend\accounts\models.py changed, reloading.
Watching for file changes with StatReloader
C:\Users\sahil_qx\OneDrive\Desktop\SkillRadar\backend\accounts\models.py changed, reloading.
Watching for file changes with StatReloader
C:\Users\sahil_qx\OneDrive\Desktop\SkillRadar\backend\accounts\models.py changed, reloading.
Watching for file changes with StatReloader
C:\Users\sahil_qx\OneDrive\Desktop\SkillRadar\backend\accounts\models.py changed, reloading.
Watching for file changes with StatReloader
Internal Server Error: /api/auth/register/
Traceback (most recent call last):
  File "C:\Users\sahil_qx\AppData\Roaming\Python\Python312\site-packages\django\db\backends\utils.py", line 105, in _execute
    return self.cursor.execute(sql, params)
           ^^^^^^^^^^^^^^^^^^^^^^^^^^^^^^^^
psycopg2.errors.NotNullViolation: null value in column "username" of relation "auth_user" violates not-null constraint
DETAIL:  Failing row contains (4, pbkdf2_sha256$1000000$dzrweQanxM5wPMUXroJpN2$MTfA4Pa0xMx2fCIkvtX..., null, f, null, f, t, sahilsarupria@gmail.com, sahil, sarupria, null, , 2025-08-27 08:48:45.237952+00, f, null).


The above exception was the direct cause of the following exception:

Traceback (most recent call last):
  File "C:\Users\sahil_qx\AppData\Roaming\Python\Python312\site-packages\django\core\handlers\exception.py", line 55, in inner
    response = get_response(request)
               ^^^^^^^^^^^^^^^^^^^^^
  File "C:\Users\sahil_qx\AppData\Roaming\Python\Python312\site-packages\django\core\handlers\base.py", line 197, in _get_response
    response = wrapped_callback(request, *callback_args, **callback_kwargs)
               ^^^^^^^^^^^^^^^^^^^^^^^^^^^^^^^^^^^^^^^^^^^^^^^^^^^^^^^^^^^^
  File "C:\Users\sahil_qx\AppData\Roaming\Python\Python312\site-packages\django\views\decorators\csrf.py", line 65, in _view_wrapper
    return view_func(request, *args, **kwargs)
           ^^^^^^^^^^^^^^^^^^^^^^^^^^^^^^^^^^^
  File "C:\Users\sahil_qx\AppData\Roaming\Python\Python312\site-packages\django\views\generic\base.py", line 105, in view
    return self.dispatch(request, *args, **kwargs)
           ^^^^^^^^^^^^^^^^^^^^^^^^^^^^^^^^^^^^^^^
  File "C:\Users\sahil_qx\AppData\Roaming\Python\Python312\site-packages\rest_framework\views.py", line 509, in dispatch
    response = self.handle_exception(exc)
               ^^^^^^^^^^^^^^^^^^^^^^^^^^
  File "C:\Users\sahil_qx\AppData\Roaming\Python\Python312\site-packages\rest_framework\views.py", line 469, in handle_exception
    self.raise_uncaught_exception(exc)
  File "C:\Users\sahil_qx\AppData\Roaming\Python\Python312\site-packages\rest_framework\views.py", line 480, in raise_uncaught_exception
    raise exc
  File "C:\Users\sahil_qx\AppData\Roaming\Python\Python312\site-packages\rest_framework\views.py", line 506, in dispatch
    response = handler(request, *args, **kwargs)
               ^^^^^^^^^^^^^^^^^^^^^^^^^^^^^^^^^
  File "C:\Users\sahil_qx\AppData\Roaming\Python\Python312\site-packages\rest_framework\generics.py", line 190, in post
    return self.create(request, *args, **kwargs)
           ^^^^^^^^^^^^^^^^^^^^^^^^^^^^^^^^^^^^^
  File "C:\Users\sahil_qx\OneDrive\Desktop\SkillRadar\backend\accounts\views.py", line 97, in create
    user = serializer.save()
           ^^^^^^^^^^^^^^^^^
  File "C:\Users\sahil_qx\AppData\Roaming\Python\Python312\site-packages\rest_framework\serializers.py", line 212, in save
    self.instance = self.create(validated_data)
                    ^^^^^^^^^^^^^^^^^^^^^^^^^^^
  File "C:\Users\sahil_qx\OneDrive\Desktop\SkillRadar\backend\accounts\serializers.py", line 27, in create
    user = User.objects.create_user(**validated_data)
           ^^^^^^^^^^^^^^^^^^^^^^^^^^^^^^^^^^^^^^^^^^
  File "C:\Users\sahil_qx\OneDrive\Desktop\SkillRadar\backend\accounts\models.py", line 15, in create_user
    user.save(using=self._db)
  File "C:\Users\sahil_qx\AppData\Roaming\Python\Python312\site-packages\django\contrib\auth\base_user.py", line 65, in save
    super().save(*args, **kwargs)
  File "C:\Users\sahil_qx\AppData\Roaming\Python\Python312\site-packages\django\db\models\base.py", line 902, in save
    self.save_base(
  File "C:\Users\sahil_qx\AppData\Roaming\Python\Python312\site-packages\django\db\models\base.py", line 1008, in save_base
    updated = self._save_table(
              ^^^^^^^^^^^^^^^^^
  File "C:\Users\sahil_qx\AppData\Roaming\Python\Python312\site-packages\django\db\models\base.py", line 1169, in _save_table
    results = self._do_insert(
              ^^^^^^^^^^^^^^^^
  File "C:\Users\sahil_qx\AppData\Roaming\Python\Python312\site-packages\django\db\models\base.py", line 1210, in _do_insert
    return manager._insert(
           ^^^^^^^^^^^^^^^^
  File "C:\Users\sahil_qx\AppData\Roaming\Python\Python312\site-packages\django\db\models\manager.py", line 87, in manager_method
    return getattr(self.get_queryset(), name)(*args, **kwargs)
           ^^^^^^^^^^^^^^^^^^^^^^^^^^^^^^^^^^^^^^^^^^^^^^^^^^^
  File "C:\Users\sahil_qx\AppData\Roaming\Python\Python312\site-packages\django\db\models\query.py", line 1868, in _insert
    return query.get_compiler(using=using).execute_sql(returning_fields)
           ^^^^^^^^^^^^^^^^^^^^^^^^^^^^^^^^^^^^^^^^^^^^^^^^^^^^^^^^^^^^^
  File "C:\Users\sahil_qx\AppData\Roaming\Python\Python312\site-packages\django\db\models\sql\compiler.py", line 1882, in execute_sql
    cursor.execute(sql, params)
  File "C:\Users\sahil_qx\AppData\Roaming\Python\Python312\site-packages\django\db\backends\utils.py", line 122, in execute
    return super().execute(sql, params)
           ^^^^^^^^^^^^^^^^^^^^^^^^^^^^
  File "C:\Users\sahil_qx\AppData\Roaming\Python\Python312\site-packages\django\db\backends\utils.py", line 79, in execute
    return self._execute_with_wrappers(
           ^^^^^^^^^^^^^^^^^^^^^^^^^^^^
  File "C:\Users\sahil_qx\AppData\Roaming\Python\Python312\site-packages\django\db\backends\utils.py", line 92, in _execute_with_wrappers
    return executor(sql, params, many, context)
           ^^^^^^^^^^^^^^^^^^^^^^^^^^^^^^^^^^^^
  File "C:\Users\sahil_qx\AppData\Roaming\Python\Python312\site-packages\django\db\backends\utils.py", line 100, in _execute
    with self.db.wrap_database_errors:
         ^^^^^^^^^^^^^^^^^^^^^^^^^^^^
  File "C:\Users\sahil_qx\AppData\Roaming\Python\Python312\site-packages\django\db\utils.py", line 91, in __exit__
    raise dj_exc_value.with_traceback(traceback) from exc_value
  File "C:\Users\sahil_qx\AppData\Roaming\Python\Python312\site-packages\django\db\backends\utils.py", line 105, in _execute
    return self.cursor.execute(sql, params)
           ^^^^^^^^^^^^^^^^^^^^^^^^^^^^^^^^
django.db.utils.IntegrityError: null value in column "username" of relation "auth_user" violates not-null constraint
DETAIL:  Failing row contains (4, pbkdf2_sha256$1000000$dzrweQanxM5wPMUXroJpN2$MTfA4Pa0xMx2fCIkvtX..., null, f, null, f, t, sahilsarupria@gmail.com, sahil, sarupria, null, , 2025-08-27 08:48:45.237952+00, f, null).

"POST /api/auth/register/ HTTP/1.1" 500 207440
C:\Users\sahil_qx\OneDrive\Desktop\SkillRadar\backend\accounts\models.py changed, reloading.
Watching for file changes with StatReloader
Watching for file changes with StatReloader
Internal Server Error: /api/auth/register/
Traceback (most recent call last):
  File "C:\Users\sahil_qx\AppData\Roaming\Python\Python312\site-packages\django\db\backends\utils.py", line 105, in _execute
    return self.cursor.execute(sql, params)
           ^^^^^^^^^^^^^^^^^^^^^^^^^^^^^^^^
psycopg2.errors.NotNullViolation: null value in column "username" of relation "auth_user" violates not-null constraint
DETAIL:  Failing row contains (5, pbkdf2_sha256$1000000$xBEIn4fcfZVaYOnbSKM1XZ$wVvr+doCM8SzHa/N6wP..., null, f, null, f, t, sahilsarupria@gmail.com, sahil, sarupria, null, , 2025-08-27 08:51:33.586292+00, f, null).


The above exception was the direct cause of the following exception:

Traceback (most recent call last):
  File "C:\Users\sahil_qx\AppData\Roaming\Python\Python312\site-packages\django\core\handlers\exception.py", line 55, in inner
    response = get_response(request)
               ^^^^^^^^^^^^^^^^^^^^^
  File "C:\Users\sahil_qx\AppData\Roaming\Python\Python312\site-packages\django\core\handlers\base.py", line 197, in _get_response
    response = wrapped_callback(request, *callback_args, **callback_kwargs)
               ^^^^^^^^^^^^^^^^^^^^^^^^^^^^^^^^^^^^^^^^^^^^^^^^^^^^^^^^^^^^
  File "C:\Users\sahil_qx\AppData\Roaming\Python\Python312\site-packages\django\views\decorators\csrf.py", line 65, in _view_wrapper
    return view_func(request, *args, **kwargs)
           ^^^^^^^^^^^^^^^^^^^^^^^^^^^^^^^^^^^
  File "C:\Users\sahil_qx\AppData\Roaming\Python\Python312\site-packages\django\views\generic\base.py", line 105, in view
    return self.dispatch(request, *args, **kwargs)
           ^^^^^^^^^^^^^^^^^^^^^^^^^^^^^^^^^^^^^^^
  File "C:\Users\sahil_qx\AppData\Roaming\Python\Python312\site-packages\rest_framework\views.py", line 509, in dispatch
    response = self.handle_exception(exc)
               ^^^^^^^^^^^^^^^^^^^^^^^^^^
  File "C:\Users\sahil_qx\AppData\Roaming\Python\Python312\site-packages\rest_framework\views.py", line 469, in handle_exception
    self.raise_uncaught_exception(exc)
  File "C:\Users\sahil_qx\AppData\Roaming\Python\Python312\site-packages\rest_framework\views.py", line 480, in raise_uncaught_exception
    raise exc
  File "C:\Users\sahil_qx\AppData\Roaming\Python\Python312\site-packages\rest_framework\views.py", line 506, in dispatch
    response = handler(request, *args, **kwargs)
               ^^^^^^^^^^^^^^^^^^^^^^^^^^^^^^^^^
  File "C:\Users\sahil_qx\AppData\Roaming\Python\Python312\site-packages\rest_framework\generics.py", line 190, in post
    return self.create(request, *args, **kwargs)
           ^^^^^^^^^^^^^^^^^^^^^^^^^^^^^^^^^^^^^
  File "C:\Users\sahil_qx\OneDrive\Desktop\SkillRadar\backend\accounts\views.py", line 97, in create
    user = serializer.save()
           ^^^^^^^^^^^^^^^^^
  File "C:\Users\sahil_qx\AppData\Roaming\Python\Python312\site-packages\rest_framework\serializers.py", line 212, in save
    self.instance = self.create(validated_data)
                    ^^^^^^^^^^^^^^^^^^^^^^^^^^^
  File "C:\Users\sahil_qx\OneDrive\Desktop\SkillRadar\backend\accounts\serializers.py", line 27, in create
    user = User.objects.create_user(**validated_data)
           ^^^^^^^^^^^^^^^^^^^^^^^^^^^^^^^^^^^^^^^^^^
  File "C:\Users\sahil_qx\OneDrive\Desktop\SkillRadar\backend\accounts\models.py", line 15, in create_user
    user.save(using=self._db)
  File "C:\Users\sahil_qx\AppData\Roaming\Python\Python312\site-packages\django\contrib\auth\base_user.py", line 65, in save
    super().save(*args, **kwargs)
  File "C:\Users\sahil_qx\AppData\Roaming\Python\Python312\site-packages\django\db\models\base.py", line 902, in save
    self.save_base(
  File "C:\Users\sahil_qx\AppData\Roaming\Python\Python312\site-packages\django\db\models\base.py", line 1008, in save_base
    updated = self._save_table(
              ^^^^^^^^^^^^^^^^^
  File "C:\Users\sahil_qx\AppData\Roaming\Python\Python312\site-packages\django\db\models\base.py", line 1169, in _save_table
    results = self._do_insert(
              ^^^^^^^^^^^^^^^^
  File "C:\Users\sahil_qx\AppData\Roaming\Python\Python312\site-packages\django\db\models\base.py", line 1210, in _do_insert
    return manager._insert(
           ^^^^^^^^^^^^^^^^
  File "C:\Users\sahil_qx\AppData\Roaming\Python\Python312\site-packages\django\db\models\manager.py", line 87, in manager_method
    return getattr(self.get_queryset(), name)(*args, **kwargs)
           ^^^^^^^^^^^^^^^^^^^^^^^^^^^^^^^^^^^^^^^^^^^^^^^^^^^
  File "C:\Users\sahil_qx\AppData\Roaming\Python\Python312\site-packages\django\db\models\query.py", line 1868, in _insert
    return query.get_compiler(using=using).execute_sql(returning_fields)
           ^^^^^^^^^^^^^^^^^^^^^^^^^^^^^^^^^^^^^^^^^^^^^^^^^^^^^^^^^^^^^
  File "C:\Users\sahil_qx\AppData\Roaming\Python\Python312\site-packages\django\db\models\sql\compiler.py", line 1882, in execute_sql
    cursor.execute(sql, params)
  File "C:\Users\sahil_qx\AppData\Roaming\Python\Python312\site-packages\django\db\backends\utils.py", line 122, in execute
    return super().execute(sql, params)
           ^^^^^^^^^^^^^^^^^^^^^^^^^^^^
  File "C:\Users\sahil_qx\AppData\Roaming\Python\Python312\site-packages\django\db\backends\utils.py", line 79, in execute
    return self._execute_with_wrappers(
           ^^^^^^^^^^^^^^^^^^^^^^^^^^^^
  File "C:\Users\sahil_qx\AppData\Roaming\Python\Python312\site-packages\django\db\backends\utils.py", line 92, in _execute_with_wrappers
    return executor(sql, params, many, context)
           ^^^^^^^^^^^^^^^^^^^^^^^^^^^^^^^^^^^^
  File "C:\Users\sahil_qx\AppData\Roaming\Python\Python312\site-packages\django\db\backends\utils.py", line 100, in _execute
    with self.db.wrap_database_errors:
         ^^^^^^^^^^^^^^^^^^^^^^^^^^^^
  File "C:\Users\sahil_qx\AppData\Roaming\Python\Python312\site-packages\django\db\utils.py", line 91, in __exit__
    raise dj_exc_value.with_traceback(traceback) from exc_value
  File "C:\Users\sahil_qx\AppData\Roaming\Python\Python312\site-packages\django\db\backends\utils.py", line 105, in _execute
    return self.cursor.execute(sql, params)
           ^^^^^^^^^^^^^^^^^^^^^^^^^^^^^^^^
django.db.utils.IntegrityError: null value in column "username" of relation "auth_user" violates not-null constraint
DETAIL:  Failing row contains (5, pbkdf2_sha256$1000000$xBEIn4fcfZVaYOnbSKM1XZ$wVvr+doCM8SzHa/N6wP..., null, f, null, f, t, sahilsarupria@gmail.com, sahil, sarupria, null, , 2025-08-27 08:51:33.586292+00, f, null).

"POST /api/auth/register/ HTTP/1.1" 500 207440
"POST /api/auth/register/ HTTP/1.1" 201 595
Bad Request: /api/auth/verify-email/Mw/cv75u7-34eba3d8cf238173f8817d163d7de93f/
"GET /api/auth/verify-email/Mw/cv75u7-34eba3d8cf238173f8817d163d7de93f/ HTTP/1.1" 400 69
"GET /api/auth/verify-email/Ng/cv76ow-a87a7a555470cdc76f49dfd126a31ae2/ HTTP/1.1" 200 62
Bad Request: /api/auth/register/
"POST /api/auth/register/ HTTP/1.1" 400 50
"POST /api/auth/register/ HTTP/1.1" 201 595
"GET /api/auth/verify-email/Nw/cv770c-63a73e517971e65704b77771ad0add08/ HTTP/1.1" 200 62
Watching for file changes with StatReloader
Watching for file changes with StatReloader
"OPTIONS /api/auth/login/ HTTP/1.1" 200 0
"POST /api/auth/login/ HTTP/1.1" 200 1013
"OPTIONS /api/auth/register/ HTTP/1.1" 200 0
"POST /api/auth/register/ HTTP/1.1" 201 586
"GET /api/auth/verify-email/OA/cv7ta8-e1d5d84d262ac2bf32b1fb3515309f92/ HTTP/1.1" 200 62
Not Found: /favicon.ico
"GET /favicon.ico HTTP/1.1" 404 3494
"OPTIONS /api/auth/password-reset/ HTTP/1.1" 200 0
"POST /api/auth/password-reset/ HTTP/1.1" 200 74
"POST /api/auth/password-reset/ HTTP/1.1" 200 74
"POST /api/auth/password-reset/ HTTP/1.1" 200 74
Not Found: /reset-password/OA/cv7tp0-c2dff61d34f857bb2baeeefca8b30dbb/
"GET /reset-password/OA/cv7tp0-c2dff61d34f857bb2baeeefca8b30dbb/ HTTP/1.1" 404 3635
"GET /api/auth/verify-email/OA/cv7ta8-e1d5d84d262ac2bf32b1fb3515309f92/ HTTP/1.1" 200 62
C:\Users\sahil_qx\OneDrive\Desktop\SkillRadar\backend\accounts\serializers.py changed, reloading.
Watching for file changes with StatReloader
Not Found: /reset-password/OA/cv7tp0-c2dff61d34f857bb2baeeefca8b30dbb/
"GET /reset-password/OA/cv7tp0-c2dff61d34f857bb2baeeefca8b30dbb/ HTTP/1.1" 404 3635
Not Found: /reset-password/OA/cv7tp0-c2dff61d34f857bb2baeeefca8b30dbb/
"GET /reset-password/OA/cv7tp0-c2dff61d34f857bb2baeeefca8b30dbb/ HTTP/1.1" 404 3635
Not Found: /reset-password/OA/cv7tp0-c2dff61d34f857bb2baeeefca8b30dbb/
"GET /reset-password/OA/cv7tp0-c2dff61d34f857bb2baeeefca8b30dbb/ HTTP/1.1" 404 3635
"POST /api/auth/password-reset/ HTTP/1.1" 200 74
C:\Users\sahil_qx\OneDrive\Desktop\SkillRadar\backend\accounts\views.py changed, reloading.
Watching for file changes with StatReloader
C:\Users\sahil_qx\OneDrive\Desktop\SkillRadar\backend\accounts\views.py changed, reloading.
Watching for file changes with StatReloader
C:\Users\sahil_qx\OneDrive\Desktop\SkillRadar\backend\accounts\serializers.py changed, reloading.
Watching for file changes with StatReloader
"POST /api/auth/password-reset/ HTTP/1.1" 200 74
"OPTIONS /api/auth/password-reset-confirm/OA/cv7u3q-1da8e4aaa192fe80082d9714010cd29d/ HTTP/1.1" 200 0
"POST /api/auth/password-reset-confirm/OA/cv7u3q-1da8e4aaa192fe80082d9714010cd29d/ HTTP/1.1" 200 40
"OPTIONS /api/auth/login/ HTTP/1.1" 200 0
Bad Request: /api/auth/login/
"POST /api/auth/login/ HTTP/1.1" 400 44
"POST /api/auth/login/ HTTP/1.1" 200 1004
"POST /api/auth/login/ HTTP/1.1" 200 1004
"POST /api/auth/login/ HTTP/1.1" 200 1004
Bad Request: /api/auth/register/
"POST /api/auth/register/ HTTP/1.1" 400 50
Bad Request: /api/auth/register/
"POST /api/auth/register/ HTTP/1.1" 400 50
Bad Request: /api/auth/register/
"POST /api/auth/register/ HTTP/1.1" 400 50
"POST /api/auth/register/ HTTP/1.1" 201 597
